 gcc -g p11practice.c;
 ./a.out;
Enter the value of n:15
Enter the values of r:6
The nCr value of 15C6 is: 7 
 gdb ./a.out;
GNU gdb (Ubuntu 8.1.1-0ubuntu1) 8.1.1
Copyright (C) 2018 Free Software Foundation, Inc.
License GPLv3+: GNU GPL version 3 or later <http://gnu.org/licenses/gpl.html>
This is free software: you are free to change and redistribute it.
There is NO WARRANTY, to the extent permitted by law.  Type "show copying"
and "show warranty" for details.
This GDB was configured as "x86_64-linux-gnu".
Type "show configuration" for configuration details.
For bug reporting instructions, please see:
<http://www.gnu.org/software/gdb/bugs/>.
Find the GDB manual and other documentation resources online at:
<http://www.gnu.org/software/gdb/documentation/>.
For help, type "help".
Type "apropos word" to search for commands related to "word"...
Reading symbols from ./a.out...done.
(gdb) b main
Breakpoint 1 at 0x84d: file p11practice.c, line 36.
(gdb) r
Starting program: /home/runner/Practice-repository/a.out 
warning: Error disabling address space randomization: Operation not permitted

Breakpoint 1, main () at p11practice.c:36
36  {
(gdb) s
38    input_n_and_r(&n,&r);
(gdb) s
input_n_and_r (n=0x7ffe551a0bbc, r=0x7ffe551a0bc0)
    at p11practice.c:5
5    printf("Enter the value of n:");
(gdb) n
6    scanf("%d",n);
(gdb) n
Enter the value of n:15
7    printf("Enter the values of r:");
(gdb) n
8    scanf("%d",r);
(gdb) n
Enter the values of r:6
9   }
(gdb) n
main () at p11practice.c:39
39    result=ncr(n,r);
(gdb) n
40    output(n,r,result);
(gdb) s
output (n=15, r=6, result=7) at p11practice.c:32
32    printf("The nCr value of %dC%d is: %d",n,r,result);
(gdb) n
33  }
(gdb) n
main () at p11practice.c:41
41  }(gdb) c
Continuing.
The nCr value of 15C6 is: 7[Inferior 1 (process 237) exited normally]
(gdb) p
The history is empty.
(gdb) l
36  {
37    int n,r,result;
38    input_n_and_r(&n,&r);
39    result=ncr(n,r);
40    output(n,r,result);
41  }(gdb) 