îº§ gdb ./a.out;
GNU gdb (Ubuntu 8.1.1-0ubuntu1) 8.1.1
Copyright (C) 2018 Free Software Foundation, Inc.
License GPLv3+: GNU GPL version 3 or later <http://gnu.org/licenses/gpl.html>
This is free software: you are free to change and redistribute it.
There is NO WARRANTY, to the extent permitted by law.  Type "show copying"
and "show warranty" for details.
This GDB was configured as "x86_64-linux-gnu".
Type "show configuration" for configuration details.
For bug reporting instructions, please see:
<http://www.gnu.org/software/gdb/bugs/>.
Find the GDB manual and other documentation resources online at:
<http://www.gnu.org/software/gdb/documentation/>.
For help, type "help".
Type "apropos word" to search for commands related to "word"...
Reading symbols from ./a.out...done.
(gdb) b main
Breakpoint 1 at 0x91e: file p17practice.c, line 27.
(gdb) r
Starting program: /home/runner/Practice-repository/a.out 
warning: Error disabling address space randomization: Operation not permitted

Breakpoint 1, main () at p17practice.c:27
27  int main(){
(gdb) s
29      input_camel_details(&radius,&height,&length);
(gdb) s
input_camel_details (radius=0x7ffff65b7808, height=0x7ffff65b780c, 
    length=0x7ffff65b7810) at p17practice.c:7
7       printf("Enter the radius of the camel's stomach : \t");
(gdb) n
8       scanf("%f", radius);
(gdb) n
Enter the radius of the camel's stomach :   25
9       printf("Enter the height of the camel : \t");
(gdb) n
10      scanf("%f", height);
(gdb) n
Enter the height of the camel :     80
11      printf("Enter the length of the camel : \t");
(gdb) n
12      scanf("%f", length);
(gdb) n
Enter the length of the camel :     70
13  }
(gdb) n
main () at p17practice.c:30
30      weight = find_weight(radius,height,length);
(gdb) s
find_weight (radius=25, height=80, length=70) at p17practice.c:18
18      weight = (PI * pow(radius,3) * sqrt(height*length));
(gdb) s
__pow (x=25, y=3) at w_pow_compat.c:29
29  w_pow_compat.c: No such file or directory.
(gdb) n
30  in w_pow_compat.c
(gdb) n
31  in w_pow_compat.c
(gdb) n
55  in w_pow_compat.c
(gdb) n
62  in w_pow_compat.c
(gdb) n
find_weight (radius=25, height=80, length=70) at p17practice.c:19
19      return weight;
(gdb) s
20  }
(gdb) n
main () at p17practice.c:31
31      output(radius,height,length,weight);
(gdb) s
output (radius=25, height=80, length=70, weight=3673360.5) at p17practice.c:23
23      printf("The weight of the camel whose stomach radius is %0.2f and its height is %0.2f and its length is %0.2f is %0.2f \n   ",radius,height,length,weight);
(gdb) n
The weight of the camel whose stomach radius is 25.00 and its height is 80.00 and its length is 70.00 is 3673360.50 
25  }
(gdb) n
main () at p17practice.c:32
32      return 0;
(gdb) n
33  }(gdb) c
Continuing.
   [Inferior 1 (process 1544) exited normally]
(gdb) p
The history is empty.
(gdb) l
28      float radius,height,length,weight;
29      input_camel_details(&radius,&height,&length);
30      weight = find_weight(radius,height,length);
31      output(radius,height,length,weight);
32      return 0;
33  }(gdb)